MPLINK 4.37, Linker
Linker Map File - Created Fri Dec 17 17:31:18 2010

                                 Section Info
                  Section       Type    Address   Location Size(Bytes)
                ---------  ---------  ---------  ---------  ---------
                   .org_0       code   0x000000    program   0x000000
                   .org_1       code   0x000000    program   0x000002
                   .org_2       code   0x000004    program   0x000780
        .config_2007_01.O       code   0x002007    program   0x000002



                              Program Memory Usage 
                               Start         End      
                           ---------   ---------      
                            0x000000    0x000000      
                            0x000004    0x0003c3      
                            0x002007    0x002007      
            962 out of 8454 program addresses used, program memory utilization is 11%



                              Symbols - Sorted by Name
                     Name    Address   Location    Storage File                     
                ---------  ---------  ---------  --------- ---------                
       AntiHorario_1Grupo   0x00015f    program     static C:\Documents and Settings\usuario\Desktop\display\microchip\display16f887\01.asm
      AntiHorario_2Grupos   0x0002a1    program     static C:\Documents and Settings\usuario\Desktop\display\microchip\display16f887\01.asm
      AntiHorario_4Grupos   0x000373    program     static C:\Documents and Settings\usuario\Desktop\display\microchip\display16f887\01.asm
                    Delay   0x00008f    program     static C:\Documents and Settings\usuario\Desktop\display\microchip\display16f887\01.asm
           Horario_1Grupo   0x00009e    program     static C:\Documents and Settings\usuario\Desktop\display\microchip\display16f887\01.asm
          Horario_2Grupos   0x000220    program     static C:\Documents and Settings\usuario\Desktop\display\microchip\display16f887\01.asm
          Horario_4Grupos   0x000322    program     static C:\Documents and Settings\usuario\Desktop\display\microchip\display16f887\01.asm
                Interrupt   0x000004    program     static C:\Documents and Settings\usuario\Desktop\display\microchip\display16f887\01.asm
                     Main   0x00001c    program     static C:\Documents and Settings\usuario\Desktop\display\microchip\display16f887\01.asm
                    Start   0x000005    program     static C:\Documents and Settings\usuario\Desktop\display\microchip\display16f887\01.asm
              ZerarPortas   0x000097    program     static C:\Documents and Settings\usuario\Desktop\display\microchip\display16f887\01.asm



                              Symbols - Sorted by Address
                     Name    Address   Location    Storage File                     
                ---------  ---------  ---------  --------- ---------                
                Interrupt   0x000004    program     static C:\Documents and Settings\usuario\Desktop\display\microchip\display16f887\01.asm
                    Start   0x000005    program     static C:\Documents and Settings\usuario\Desktop\display\microchip\display16f887\01.asm
                     Main   0x00001c    program     static C:\Documents and Settings\usuario\Desktop\display\microchip\display16f887\01.asm
                    Delay   0x00008f    program     static C:\Documents and Settings\usuario\Desktop\display\microchip\display16f887\01.asm
              ZerarPortas   0x000097    program     static C:\Documents and Settings\usuario\Desktop\display\microchip\display16f887\01.asm
           Horario_1Grupo   0x00009e    program     static C:\Documents and Settings\usuario\Desktop\display\microchip\display16f887\01.asm
       AntiHorario_1Grupo   0x00015f    program     static C:\Documents and Settings\usuario\Desktop\display\microchip\display16f887\01.asm
          Horario_2Grupos   0x000220    program     static C:\Documents and Settings\usuario\Desktop\display\microchip\display16f887\01.asm
      AntiHorario_2Grupos   0x0002a1    program     static C:\Documents and Settings\usuario\Desktop\display\microchip\display16f887\01.asm
          Horario_4Grupos   0x000322    program     static C:\Documents and Settings\usuario\Desktop\display\microchip\display16f887\01.asm
      AntiHorario_4Grupos   0x000373    program     static C:\Documents and Settings\usuario\Desktop\display\microchip\display16f887\01.asm


